2500
64 64
################################################################
######...#.#################......################....#...######
###.........#############.............##########............####
##...........##########.................#######..............###
#.............########....................####................##
#..............#######.....................####...............##
#........###...######.......................##.................#
#.#.......###...#####........................##................#
####.......###...###............##............##...............#
#####.......##...........##....#####...........................#
#####........##.........####..#######.........................##
####........####.......#####..###..###........................##
####.......###.####....####....#....###.....#.................##
####.............####...##...........###....##...............###
###...#............##...##...........###.....##.....###.....####
##..####............##..##...........##......###.....###.#.#####
##.#######..........##...##.........###......###......##########
#########............#....##........##......####.......#########
########......#......##...##.......##......####........#########
#######......###......#....##.....##......####..........########
#######.....#####.....##....##...##......####............#######
######.....###.##......#....###.##......###...............######
######.....##..###...........####....####.................######
#####.....###...###...........##....##.....................#####
#####.....###....###.................................#.....#####
#####.....##......###...............................##.....#####
####......#........####............................####.....####
####.................###.........................######.....####
####..................####......................#######.....####
####...................#####.................#####...##.....####
####.....................#####............######.....##.....####
####.................########........########........##.....####
####.....##........########........########.................####
####.....##.....######............#####.....................####
####.....##...#####.................#####...................####
####.....#######......................####..................####
####.....######.........................###.................####
####.....####............................####........#......####
#####.....##...............................###......##.....#####
#####.....#.................................###....###.....#####
#####.....................##....##...........###...###.....#####
######.................####....####...........###..##.....######
######...............###......##.###....#......##.###.....######
#######............####......##...##....##.....#####.....#######
########..........####......##.....##....#......###......#######
#########........####......##.......##...##......#......########
#########.......####......##........##....#............#########
##########......###......###.........##...##..........#######.##
#####.#.###.....###......##...........##..##............####..##
####.....###.....##.....###...........##...##............#...###
###...............##....###...........##...####.............####
##.................#.....###....#....####....####.###.......####
##........................###..###..#####.......####........####
##.........................#######..####.........##........#####
#...........................#####....##...........##.......#####
#...............##............##............###...###.......####
#................##........................#####...###.......#.#
#.................##.......................######...###........#
##...............####.....................#######..............#
##................####....................########.............#
###..............#######.................##########...........##
####............##########.............#############.........###
######...#....################......#################.#...######
################################################################
4 4
